// Jest Snapshot v1, https://goo.gl/fbAQLP

exports[`Renders an item 1`] = `
<span
  className="itemWrapperClass"
>
  <span
    onContextMenu={[Function]}
    style={
      {
        "background": "",
      }
    }
  >
    <span
      onClick={[Function]}
      style={
        {
          "color": "white",
          "paddingLeft": "0.2em",
        }
      }
    >
      ●
    </span>
    <div
      contentEditable={true}
      dangerouslySetInnerHTML={
        {
          "__html": "Hello world!",
        }
      }
      onBlur={[Function]}
      onChange={[Function]}
      onClick={[Function]}
      onInput={[Function]}
      onKeyDown={[Function]}
      onKeyUp={[Function]}
      style={
        {
          "flex": "1 1 auto",
        }
      }
    />
  </span>
</span>
`;
