// Jest Snapshot v1, https://goo.gl/fbAQLP

exports[`Renders an item 1`] = `
<div
  style={
    {
      "display": "flex",
      "flexDirection": "column",
      "height": "100%",
    }
  }
>
  <div
    style={
      {
        "flex": "1 0 auto",
        "margin": "0 5px 10px 5px",
      }
    }
  >
    <div
      className="search-bar"
    >
      <input
        onChange={[Function]}
        onKeyDown={[Function]}
        placeholder="🔍 Search"
        style={
          {
            "flex": "1 0 auto",
            "padding": "2px",
          }
        }
        value=""
      />
    </div>
    <span
      className="itemWrapperClass"
    >
      <span
        onContextMenu={[Function]}
        style={
          {
            "background": "",
          }
        }
      >
        <span
          style={
            {
              "color": "white",
              "cursor": "pointer",
              "paddingLeft": "0.2em",
              "userSelect": "none",
            }
          }
        >
          <span
            onClick={[Function]}
          >
            ●
          </span>
        </span>
        <div
          className="__editable___help_1"
          contentEditable={true}
          dangerouslySetInnerHTML={
            {
              "__html": "Welcome to Workflowish!",
            }
          }
          data-testid="__help_1"
          onBlur={[Function]}
          onChange={[Function]}
          onClick={[Function]}
          onInput={[Function]}
          onKeyDown={[Function]}
          onKeyUp={[Function]}
          style={
            {
              "flex": "1 1 auto",
              "scrollMarginTop": "100px",
            }
          }
        />
      </span>
      <div
        style={
          {
            "borderLeft": "1px solid white",
            "marginLeft": "0.5em",
            "paddingLeft": "5px",
          }
        }
      />
    </span>
    <span
      className="itemWrapperClass"
    >
      <span
        onContextMenu={[Function]}
        style={
          {
            "background": "",
          }
        }
      >
        <span
          style={
            {
              "color": "white",
              "cursor": "pointer",
              "paddingLeft": "0px",
              "userSelect": "none",
            }
          }
        >
          <span
            onClick={[Function]}
          >
            ▶
          </span>
        </span>
        <div
          className="__editable___help_2"
          contentEditable={true}
          dangerouslySetInnerHTML={
            {
              "__html": "Workflowish is a keyboard-focused nested listing app.",
            }
          }
          data-testid="__help_2"
          onBlur={[Function]}
          onChange={[Function]}
          onClick={[Function]}
          onInput={[Function]}
          onKeyDown={[Function]}
          onKeyUp={[Function]}
          style={
            {
              "flex": "1 1 auto",
              "scrollMarginTop": "100px",
            }
          }
        />
      </span>
    </span>
    <span
      className="itemWrapperClass"
    >
      <span
        onContextMenu={[Function]}
        style={
          {
            "background": "",
          }
        }
      >
        <span
          style={
            {
              "color": "white",
              "cursor": "pointer",
              "paddingLeft": "0px",
              "userSelect": "none",
            }
          }
        >
          <span
            onClick={[Function]}
          >
            ▼
          </span>
        </span>
        <div
          className="__editable___help_6"
          contentEditable={true}
          dangerouslySetInnerHTML={
            {
              "__html": "This means you can nest bullet points...",
            }
          }
          data-testid="__help_6"
          onBlur={[Function]}
          onChange={[Function]}
          onClick={[Function]}
          onInput={[Function]}
          onKeyDown={[Function]}
          onKeyUp={[Function]}
          style={
            {
              "flex": "1 1 auto",
              "scrollMarginTop": "100px",
            }
          }
        />
      </span>
      <div
        style={
          {
            "borderLeft": "1px solid white",
            "marginLeft": "0.5em",
            "paddingLeft": "5px",
          }
        }
      >
        <span
          className="itemWrapperClass"
        >
          <span
            onContextMenu={[Function]}
            style={
              {
                "background": "",
              }
            }
          >
            <span
              style={
                {
                  "color": "white",
                  "cursor": "pointer",
                  "paddingLeft": "0px",
                  "userSelect": "none",
                }
              }
            >
              <span
                onClick={[Function]}
              >
                ▼
              </span>
            </span>
            <div
              className="__editable___help_7"
              contentEditable={true}
              dangerouslySetInnerHTML={
                {
                  "__html": "Like this,",
                }
              }
              data-testid="__help_7"
              onBlur={[Function]}
              onChange={[Function]}
              onClick={[Function]}
              onInput={[Function]}
              onKeyDown={[Function]}
              onKeyUp={[Function]}
              style={
                {
                  "flex": "1 1 auto",
                  "scrollMarginTop": "100px",
                }
              }
            />
          </span>
          <div
            style={
              {
                "borderLeft": "1px solid white",
                "marginLeft": "0.5em",
                "paddingLeft": "5px",
              }
            }
          >
            <span
              className="itemWrapperClass"
            >
              <span
                onContextMenu={[Function]}
                style={
                  {
                    "background": "",
                  }
                }
              >
                <span
                  style={
                    {
                      "color": "white",
                      "cursor": "pointer",
                      "paddingLeft": "0px",
                      "userSelect": "none",
                    }
                  }
                >
                  <span
                    onClick={[Function]}
                  >
                    ▼
                  </span>
                </span>
                <div
                  className="__editable___help_8"
                  contentEditable={true}
                  dangerouslySetInnerHTML={
                    {
                      "__html": "And this,",
                    }
                  }
                  data-testid="__help_8"
                  onBlur={[Function]}
                  onChange={[Function]}
                  onClick={[Function]}
                  onInput={[Function]}
                  onKeyDown={[Function]}
                  onKeyUp={[Function]}
                  style={
                    {
                      "flex": "1 1 auto",
                      "scrollMarginTop": "100px",
                    }
                  }
                />
              </span>
              <div
                style={
                  {
                    "borderLeft": "1px solid white",
                    "marginLeft": "0.5em",
                    "paddingLeft": "5px",
                  }
                }
              >
                <span
                  className="itemWrapperClass"
                >
                  <span
                    onContextMenu={[Function]}
                    style={
                      {
                        "background": "",
                      }
                    }
                  >
                    <span
                      style={
                        {
                          "color": "white",
                          "cursor": "pointer",
                          "paddingLeft": "0.2em",
                          "userSelect": "none",
                        }
                      }
                    >
                      <span
                        onClick={[Function]}
                      >
                        ●
                      </span>
                    </span>
                    <div
                      className="__editable___help_9"
                      contentEditable={true}
                      dangerouslySetInnerHTML={
                        {
                          "__html": "And so on.",
                        }
                      }
                      data-testid="__help_9"
                      onBlur={[Function]}
                      onChange={[Function]}
                      onClick={[Function]}
                      onInput={[Function]}
                      onKeyDown={[Function]}
                      onKeyUp={[Function]}
                      style={
                        {
                          "flex": "1 1 auto",
                          "scrollMarginTop": "100px",
                        }
                      }
                    />
                  </span>
                  <div
                    style={
                      {
                        "borderLeft": "1px solid white",
                        "marginLeft": "0.5em",
                        "paddingLeft": "5px",
                      }
                    }
                  />
                </span>
              </div>
            </span>
          </div>
        </span>
      </div>
    </span>
    <span
      className="itemWrapperClass"
    >
      <span
        onContextMenu={[Function]}
        style={
          {
            "background": "",
          }
        }
      >
        <span
          style={
            {
              "color": "white",
              "cursor": "pointer",
              "paddingLeft": "0px",
              "userSelect": "none",
            }
          }
        >
          <span
            onClick={[Function]}
          >
            ▼
          </span>
        </span>
        <div
          className="__editable___help_10"
          contentEditable={true}
          dangerouslySetInnerHTML={
            {
              "__html": "You can edit any item in the list by clicking it and typing :)",
            }
          }
          data-testid="__help_10"
          onBlur={[Function]}
          onChange={[Function]}
          onClick={[Function]}
          onInput={[Function]}
          onKeyDown={[Function]}
          onKeyUp={[Function]}
          style={
            {
              "flex": "1 1 auto",
              "scrollMarginTop": "100px",
            }
          }
        />
      </span>
      <div
        style={
          {
            "borderLeft": "1px solid white",
            "marginLeft": "0.5em",
            "paddingLeft": "5px",
          }
        }
      >
        <span
          className="itemWrapperClass"
        >
          <span
            onContextMenu={[Function]}
            style={
              {
                "background": "",
              }
            }
          >
            <span
              style={
                {
                  "color": "white",
                  "cursor": "pointer",
                  "paddingLeft": "0.2em",
                  "userSelect": "none",
                }
              }
            >
              <span
                onClick={[Function]}
              >
                ●
              </span>
            </span>
            <div
              className="__editable___help_11"
              contentEditable={true}
              dangerouslySetInnerHTML={
                {
                  "__html": "You can also add new items by pressing Enter on an existing item; or,",
                }
              }
              data-testid="__help_11"
              onBlur={[Function]}
              onChange={[Function]}
              onClick={[Function]}
              onInput={[Function]}
              onKeyDown={[Function]}
              onKeyUp={[Function]}
              style={
                {
                  "flex": "1 1 auto",
                  "scrollMarginTop": "100px",
                }
              }
            />
          </span>
          <div
            style={
              {
                "borderLeft": "1px solid white",
                "marginLeft": "0.5em",
                "paddingLeft": "5px",
              }
            }
          />
        </span>
        <span
          className="itemWrapperClass"
        >
          <span
            onContextMenu={[Function]}
            style={
              {
                "background": "",
              }
            }
          >
            <span
              style={
                {
                  "color": "white",
                  "cursor": "pointer",
                  "paddingLeft": "0.2em",
                  "userSelect": "none",
                }
              }
            >
              <span
                onClick={[Function]}
              >
                ●
              </span>
            </span>
            <div
              className="__editable___help_12"
              contentEditable={true}
              dangerouslySetInnerHTML={
                {
                  "__html": "Backspace all the way to the end, and then once more, to delete an item.",
                }
              }
              data-testid="__help_12"
              onBlur={[Function]}
              onChange={[Function]}
              onClick={[Function]}
              onInput={[Function]}
              onKeyDown={[Function]}
              onKeyUp={[Function]}
              style={
                {
                  "flex": "1 1 auto",
                  "scrollMarginTop": "100px",
                }
              }
            />
          </span>
          <div
            style={
              {
                "borderLeft": "1px solid white",
                "marginLeft": "0.5em",
                "paddingLeft": "5px",
              }
            }
          />
        </span>
        <span
          className="itemWrapperClass"
        >
          <span
            onContextMenu={[Function]}
            style={
              {
                "background": "",
              }
            }
          >
            <span
              style={
                {
                  "color": "white",
                  "cursor": "pointer",
                  "paddingLeft": "0.2em",
                  "userSelect": "none",
                }
              }
            >
              <span
                onClick={[Function]}
              >
                ●
              </span>
            </span>
            <div
              className="__editable___help_13"
              contentEditable={true}
              dangerouslySetInnerHTML={
                {
                  "__html": "Press CTRL+S to save your changes to your browser. (Other save options are available, read on!)",
                }
              }
              data-testid="__help_13"
              onBlur={[Function]}
              onChange={[Function]}
              onClick={[Function]}
              onInput={[Function]}
              onKeyDown={[Function]}
              onKeyUp={[Function]}
              style={
                {
                  "flex": "1 1 auto",
                  "scrollMarginTop": "100px",
                }
              }
            />
          </span>
          <div
            style={
              {
                "borderLeft": "1px solid white",
                "marginLeft": "0.5em",
                "paddingLeft": "5px",
              }
            }
          />
        </span>
      </div>
    </span>
    <span
      className="itemWrapperClass"
    >
      <span
        onContextMenu={[Function]}
        style={
          {
            "background": "",
          }
        }
      >
        <span
          style={
            {
              "color": "white",
              "cursor": "pointer",
              "paddingLeft": "0px",
              "userSelect": "none",
            }
          }
        >
          <span
            onClick={[Function]}
          >
            ▶
          </span>
        </span>
        <div
          className="__editable___help_14"
          contentEditable={true}
          dangerouslySetInnerHTML={
            {
              "__html": "Since lists get complicated, you can also collapse/show lists by focusing on an item and pressing CTRL+UP/DOWN.",
            }
          }
          data-testid="__help_14"
          onBlur={[Function]}
          onChange={[Function]}
          onClick={[Function]}
          onInput={[Function]}
          onKeyDown={[Function]}
          onKeyUp={[Function]}
          style={
            {
              "flex": "1 1 auto",
              "scrollMarginTop": "100px",
            }
          }
        />
      </span>
    </span>
    <span
      className="itemWrapperClass"
    >
      <span
        onContextMenu={[Function]}
        style={
          {
            "background": "",
          }
        }
      >
        <span
          style={
            {
              "color": "white",
              "cursor": "pointer",
              "paddingLeft": "0px",
              "userSelect": "none",
            }
          }
        >
          <span
            onClick={[Function]}
          >
            ▼
          </span>
        </span>
        <div
          className="__editable___help_21"
          contentEditable={true}
          dangerouslySetInnerHTML={
            {
              "__html": "Workflowish is inspired by Workflowy (https://workflowy.com/), but is free and open source, with in-browser storage or self-hosting.",
            }
          }
          data-testid="__help_21"
          onBlur={[Function]}
          onChange={[Function]}
          onClick={[Function]}
          onInput={[Function]}
          onKeyDown={[Function]}
          onKeyUp={[Function]}
          style={
            {
              "flex": "1 1 auto",
              "scrollMarginTop": "100px",
            }
          }
        />
      </span>
      <div
        style={
          {
            "borderLeft": "1px solid white",
            "marginLeft": "0.5em",
            "paddingLeft": "5px",
          }
        }
      >
        <span
          className="itemWrapperClass"
        >
          <span
            onContextMenu={[Function]}
            style={
              {
                "background": "",
              }
            }
          >
            <span
              style={
                {
                  "color": "white",
                  "cursor": "pointer",
                  "paddingLeft": "0px",
                  "userSelect": "none",
                }
              }
            >
              <span
                onClick={[Function]}
              >
                ▶
              </span>
            </span>
            <div
              className="__editable___help_22"
              contentEditable={true}
              dangerouslySetInnerHTML={
                {
                  "__html": "Workflowish also works on a mobile phone, again with a keyboard-first experience.",
                }
              }
              data-testid="__help_22"
              onBlur={[Function]}
              onChange={[Function]}
              onClick={[Function]}
              onInput={[Function]}
              onKeyDown={[Function]}
              onKeyUp={[Function]}
              style={
                {
                  "flex": "1 1 auto",
                  "scrollMarginTop": "100px",
                }
              }
            />
          </span>
        </span>
        <span
          className="itemWrapperClass"
        >
          <span
            onContextMenu={[Function]}
            style={
              {
                "background": "",
              }
            }
          >
            <span
              style={
                {
                  "color": "white",
                  "cursor": "pointer",
                  "paddingLeft": "0.2em",
                  "userSelect": "none",
                }
              }
            >
              <span
                onClick={[Function]}
              >
                ●
              </span>
            </span>
            <div
              className="__editable___help_26"
              contentEditable={true}
              dangerouslySetInnerHTML={
                {
                  "__html": "For self-hosted storage, clone the github repository (https://github.com/acenturyandabit/workflowish) and follow the README.",
                }
              }
              data-testid="__help_26"
              onBlur={[Function]}
              onChange={[Function]}
              onClick={[Function]}
              onInput={[Function]}
              onKeyDown={[Function]}
              onKeyUp={[Function]}
              style={
                {
                  "flex": "1 1 auto",
                  "scrollMarginTop": "100px",
                }
              }
            />
          </span>
          <div
            style={
              {
                "borderLeft": "1px solid white",
                "marginLeft": "0.5em",
                "paddingLeft": "5px",
              }
            }
          />
        </span>
      </div>
    </span>
    <span
      className="itemWrapperClass"
    >
      <span
        onContextMenu={[Function]}
        style={
          {
            "background": "",
          }
        }
      >
        <span
          style={
            {
              "color": "white",
              "cursor": "pointer",
              "paddingLeft": "0px",
              "userSelect": "none",
            }
          }
        >
          <span
            onClick={[Function]}
          >
            ▶
          </span>
        </span>
        <div
          className="__editable___help_27"
          contentEditable={true}
          dangerouslySetInnerHTML={
            {
              "__html": "As an extra treat for superusers out there, Workflowish also comes with:",
            }
          }
          data-testid="__help_27"
          onBlur={[Function]}
          onChange={[Function]}
          onClick={[Function]}
          onInput={[Function]}
          onKeyDown={[Function]}
          onKeyUp={[Function]}
          style={
            {
              "flex": "1 1 auto",
              "scrollMarginTop": "100px",
            }
          }
        />
      </span>
    </span>
  </div>
</div>
`;
